Definition
    { definitionAttributes = Attributes []
    , definitionModules =
        [ Module
            { moduleName = ModuleName "TEST-ALIAS-4"
            , moduleSentences =
                [ ObjectSentence (SentenceSymbolSentence SentenceSymbol
                    { sentenceSymbolSymbol =
                        Symbol
                            { symbolConstructor = (Id "g" AstLocationNone) :: Id Object
                            , symbolParams =
                                [ SortVariable ((Id "S" AstLocationNone) :: Id Object)
                                ]
                            }
                    , sentenceSymbolSorts = []
                    , sentenceSymbolReturnSort =
                        SortVariableSort (SortVariable ((Id "S" AstLocationNone) :: Id Object))
                    , sentenceSymbolAttributes = Attributes []
                    })
                , ObjectSentence (SentenceAliasSentence SentenceAlias
                    { sentenceAliasAlias =
                        Alias
                            { aliasConstructor = (Id "f" AstLocationNone) :: Id Object
                            , aliasParams =
                                [ SortVariable ((Id "S" AstLocationNone) :: Id Object)
                                ]
                            }
                    , sentenceAliasSorts = []
                    , sentenceAliasReturnSort =
                        SortVariableSort (SortVariable ((Id "S" AstLocationNone) :: Id Object))
                    , sentenceAliasLeftPattern =
                        ApplicationPattern Application
                            { applicationSymbolOrAlias =
                                SymbolOrAlias
                                    { symbolOrAliasConstructor = (Id "f" AstLocationNone) :: Id Object
                                    , symbolOrAliasParams =
                                        [ SortVariableSort (SortVariable ((Id "S" AstLocationNone) :: Id Object))
                                        ]
                                    }
                            , applicationChildren = []
                            }
                    , sentenceAliasRightPattern =
                        ApplicationPattern Application
                            { applicationSymbolOrAlias =
                                SymbolOrAlias
                                    { symbolOrAliasConstructor = (Id "g" AstLocationNone) :: Id Object
                                    , symbolOrAliasParams =
                                        [ SortVariableSort (SortVariable ((Id "S" AstLocationNone) :: Id Object))
                                        ]
                                    }
                            , applicationChildren = []
                            }
                    , sentenceAliasAttributes = Attributes []
                    })
                ]
            , moduleAttributes = Attributes []
            }
        ]
    }